// Jest Snapshot v1, https://goo.gl/fbAQLP

exports[`configs.common appConfig should match snapshot 1`] = `
{
  "appName": "Starter",
  "developerName": "The Rift",
  "developerUrl": "https://therift.dev",
}
`;
